node.exe : npm warn Unknown 
project config 
"auto-install-peers". This will 
stop working in the next major 
version of npm.
At C:\Program 
Files\nodejs\npx.ps1:29 char:3
+   & $NODE_EXE $NPX_CLI_JS $args
+   ~~~~~~~~~~~~~~~~~~~~~~~~~~~~~
    + CategoryInfo          : Not 
   Specified: (npm warn Unknow..  
  .version of npm.:String) [],    
 RemoteException
    + FullyQualifiedErrorId : Nat 
   iveCommandError
 
npm warn Unknown project config 
"shamefully-hoist". This will 
stop working in the next major 
version of npm.
